[2026-02-04T10:57:38.163Z] Applying Grok settings...
[2026-02-04T12:27:10.810Z] Applying Grok settings...
[2026-02-04T12:27:10.814Z] Grok settings applied.
[2026-02-04T12:27:10.818Z] 
=== START VIDEO: قصة الظل الغامض ===
[2026-02-04T12:27:10.824Z] Scene 1/1
[2026-02-04T12:27:10.826Z] Retry 1/3 due to error: Attempted to use detached Frame 'D6D77B42741635FCAF3E8F5BFF8A7701'.
[2026-02-04T12:27:10.827Z] Retry 2/3 due to error: Attempted to use detached Frame 'D6D77B42741635FCAF3E8F5BFF8A7701'.
[2026-02-04T12:27:10.829Z] Retry 3/3 due to error: Attempted to use detached Frame 'D6D77B42741635FCAF3E8F5BFF8A7701'.
[2026-02-04T12:27:55.436Z] Applying Grok settings...
[2026-02-04T12:28:20.881Z] Grok settings applied.
[2026-02-04T12:28:20.882Z] 
=== START VIDEO: قصة الظل الغامض ===
[2026-02-04T12:28:20.884Z] Scene 1/1
[2026-02-04T12:28:20.885Z] Retry 1/3 due to error: Attempted to use detached Frame 'B3AA4043EC6BA3E311B8F6443630F6FB'.
[2026-02-04T12:28:20.888Z] Retry 2/3 due to error: Attempted to use detached Frame 'B3AA4043EC6BA3E311B8F6443630F6FB'.
[2026-02-04T12:28:20.888Z] Retry 3/3 due to error: Attempted to use detached Frame 'B3AA4043EC6BA3E311B8F6443630F6FB'.
[2026-02-04T12:34:59.661Z] Applying Grok settings...
[2026-02-04T12:34:59.662Z] Grok settings applied.
[2026-02-04T12:34:59.663Z] 
=== START VIDEO: قصة الظل الغامض ===
[2026-02-04T12:34:59.664Z] Scene 1/1
[2026-02-04T12:34:59.664Z] Retry 1/3 due to error: Attempted to use detached Frame '2F9617B1B2138664FD5120CA40E5D7C0'.
[2026-02-04T12:34:59.665Z] Retry 2/3 due to error: Attempted to use detached Frame '2F9617B1B2138664FD5120CA40E5D7C0'.
[2026-02-04T12:34:59.665Z] Retry 3/3 due to error: Attempted to use detached Frame '2F9617B1B2138664FD5120CA40E5D7C0'.
